#
# There is insufficient memory for the Java Runtime Environment to continue.
# Native memory allocation (malloc) failed to allocate 1208960 bytes. Error detail: Chunk::new
# Possible reasons:
#   The system is out of physical RAM or swap space
#   This process is running with CompressedOops enabled, and the Java Heap may be blocking the growth of the native heap
# Possible solutions:
#   Reduce memory load on the system
#   Increase physical memory or swap space
#   Check if swap backing store is full
#   Decrease Java heap size (-Xmx/-Xms)
#   Decrease number of Java threads
#   Decrease Java thread stack sizes (-Xss)
#   Set larger code cache with -XX:ReservedCodeCacheSize=
#   JVM is running with Unscaled Compressed Oops mode in which the Java heap is
#     placed in the first 4GB address space. The Java Heap base address is the
#     maximum limit for the native heap growth. Please use -XX:HeapBaseMinAddress
#     to set the Java Heap base and to place the Java Heap above 4GB virtual address.
# This output file may be truncated or incomplete.
#
#  Out of Memory Error (arena.cpp:168), pid=18840, tid=21456
#
# JRE version: OpenJDK Runtime Environment (21.0.8) (build 21.0.8+-14196175-b1038.72)
# Java VM: OpenJDK 64-Bit Server VM (21.0.8+-14196175-b1038.72, mixed mode, tiered, compressed oops, compressed class ptrs, g1 gc, windows-amd64)
# No core dump will be written. Minidumps are not enabled by default on client versions of Windows
#

---------------  S U M M A R Y ------------

Command Line: org.jetbrains.kotlin.cli.jvm.K2JVMCompiler @C:\Users\pagwa\ecoact\app\build\20260502_4245059577386784719.compiler.options

Host: AMD Ryzen 5 5500U with Radeon Graphics         , 12 cores, 7G,  Windows 11 , 64 bit Build 26100 (10.0.26100.8246)
Time: Sat May  2 23:03:25 2026 elapsed time: 17.562790 seconds (0d 0h 0m 17s)

---------------  T H R E A D  ---------------

Current thread (0x0000020864c05ba0):  JavaThread "C2 CompilerThread1" daemon [_thread_in_native, id=21456, stack(0x000000bd2bd00000,0x000000bd2be00000) (1024K)]


Current CompileTask:
C2:17563 3064   !   4       org.jetbrains.kotlin.metadata.ProtoBuf$Type::<init> (875 bytes)

Stack: [0x000000bd2bd00000,0x000000bd2be00000]
Native frames: (J=compiled Java code, j=interpreted, Vv=VM code, C=native code)
V  [jvm.dll+0x6d68d9]
V  [jvm.dll+0x866693]
V  [jvm.dll+0x868c4e]
V  [jvm.dll+0x869333]
V  [jvm.dll+0x280566]
V  [jvm.dll+0xc07cd]
V  [jvm.dll+0xc0d03]
V  [jvm.dll+0x3b961b]
V  [jvm.dll+0x385507]
V  [jvm.dll+0x38497a]
V  [jvm.dll+0x249252]
V  [jvm.dll+0x248821]
V  [jvm.dll+0x1c73a4]
V  [jvm.dll+0x257f9e]
V  [jvm.dll+0x2564e6]
V  [jvm.dll+0x3f4696]
V  [jvm.dll+0x80eac8]
V  [jvm.dll+0x6d512d]
C  [ucrtbase.dll+0x37b0]
C  [KERNEL32.DLL+0x2e8d7]
C  [ntdll.dll+0x8c3fc]


---------------  P R O C E S S  ---------------

Threads class SMR info:
_java_thread_list=0x0000020869f3db50, length=12, elements={
0x000002084ace5570, 0x0000020864bccf90, 0x0000020864bd0b40, 0x0000020864bd2790,
0x0000020864be7c00, 0x0000020864be8660, 0x0000020864be90c0, 0x0000020864be9b20,
0x0000020864bea8b0, 0x0000020864c04060, 0x0000020864dab670, 0x0000020864c05ba0
}

Java Threads: ( => current thread )
  0x000002084ace5570 JavaThread "main"                              [_thread_in_Java, id=17476, stack(0x000000bd2a300000,0x000000bd2a400000) (1024K)]
  0x0000020864bccf90 JavaThread "Common-Cleaner"             daemon [_thread_blocked, id=8156, stack(0x000000bd2ab00000,0x000000bd2ac00000) (1024K)]
  0x0000020864bd0b40 JavaThread "Reference Handler"          daemon [_thread_blocked, id=16024, stack(0x000000bd2ac00000,0x000000bd2ad00000) (1024K)]
  0x0000020864bd2790 JavaThread "Finalizer"                  daemon [_thread_blocked, id=17164, stack(0x000000bd2ad00000,0x000000bd2ae00000) (1024K)]
  0x0000020864be7c00 JavaThread "Signal Dispatcher"          daemon [_thread_blocked, id=35724, stack(0x000000bd2ae00000,0x000000bd2af00000) (1024K)]
  0x0000020864be8660 JavaThread "Attach Listener"            daemon [_thread_blocked, id=27068, stack(0x000000bd2af00000,0x000000bd2b000000) (1024K)]
  0x0000020864be90c0 JavaThread "Service Thread"             daemon [_thread_blocked, id=39540, stack(0x000000bd2b000000,0x000000bd2b100000) (1024K)]
  0x0000020864be9b20 JavaThread "Monitor Deflation Thread"   daemon [_thread_blocked, id=39220, stack(0x000000bd2b100000,0x000000bd2b200000) (1024K)]
  0x0000020864bea8b0 JavaThread "C2 CompilerThread0"         daemon [_thread_in_native, id=34884, stack(0x000000bd2b200000,0x000000bd2b300000) (1024K)]
  0x0000020864c04060 JavaThread "C1 CompilerThread0"         daemon [_thread_in_native, id=35760, stack(0x000000bd2b300000,0x000000bd2b400000) (1024K)]
  0x0000020864dab670 JavaThread "Notification Thread"        daemon [_thread_blocked, id=24700, stack(0x000000bd2b400000,0x000000bd2b500000) (1024K)]
=>0x0000020864c05ba0 JavaThread "C2 CompilerThread1"         daemon [_thread_in_native, id=21456, stack(0x000000bd2bd00000,0x000000bd2be00000) (1024K)]
Total: 12

Other Threads:
  0x0000020864a1b9e0 VMThread "VM Thread"                           [id=29512, stack(0x000000bd2aa00000,0x000000bd2ab00000) (1024K)]
  0x00000208649b4bc0 WatcherThread "VM Periodic Task Thread"        [id=28288, stack(0x000000bd2a900000,0x000000bd2aa00000) (1024K)]
  0x000002084d27d500 WorkerThread "GC Thread#0"                     [id=7664, stack(0x000000bd2a400000,0x000000bd2a500000) (1024K)]
  0x00000208695da7b0 WorkerThread "GC Thread#1"                     [id=27776, stack(0x000000bd2b500000,0x000000bd2b600000) (1024K)]
  0x00000208695e1310 WorkerThread "GC Thread#2"                     [id=41896, stack(0x000000bd2b600000,0x000000bd2b700000) (1024K)]
  0x00000208695f4ba0 WorkerThread "GC Thread#3"                     [id=27140, stack(0x000000bd2b700000,0x000000bd2b800000) (1024K)]
  0x00000208695f4f40 WorkerThread "GC Thread#4"                     [id=25924, stack(0x000000bd2b800000,0x000000bd2b900000) (1024K)]
  0x00000208695f52e0 WorkerThread "GC Thread#5"                     [id=41192, stack(0x000000bd2b900000,0x000000bd2ba00000) (1024K)]
  0x0000020869695ae0 WorkerThread "GC Thread#6"                     [id=36668, stack(0x000000bd2ba00000,0x000000bd2bb00000) (1024K)]
  0x000002086a085390 WorkerThread "GC Thread#7"                     [id=41064, stack(0x000000bd2be00000,0x000000bd2bf00000) (1024K)]
  0x000002086a084ff0 WorkerThread "GC Thread#8"                     [id=35860, stack(0x000000bd2bf00000,0x000000bd2c000000) (1024K)]
  0x000002086a083690 WorkerThread "GC Thread#9"                     [id=30140, stack(0x000000bd2c000000,0x000000bd2c100000) (1024K)]
  0x000002084d28cee0 ConcurrentGCThread "G1 Main Marker"            [id=37284, stack(0x000000bd2a500000,0x000000bd2a600000) (1024K)]
  0x000002084d28e0f0 WorkerThread "G1 Conc#0"                       [id=39208, stack(0x000000bd2a600000,0x000000bd2a700000) (1024K)]
  0x0000020869694c60 WorkerThread "G1 Conc#1"                       [id=23728, stack(0x000000bd2bb00000,0x000000bd2bc00000) (1024K)]
  0x0000020869694520 WorkerThread "G1 Conc#2"                       [id=41980, stack(0x000000bd2bc00000,0x000000bd2bd00000) (1024K)]
  0x00000208648885b0 ConcurrentGCThread "G1 Refine#0"               [id=17132, stack(0x000000bd2a700000,0x000000bd2a800000) (1024K)]
  0x0000020864888ec0 ConcurrentGCThread "G1 Service"                [id=26732, stack(0x000000bd2a800000,0x000000bd2a900000) (1024K)]
Total: 18

Threads with active compile tasks:
C2 CompilerThread0  17613 2738       4       java.lang.ClassLoader::loadClass (7 bytes)
C1 CompilerThread0  17613 3212   !   3       org.jetbrains.kotlin.cli.jvm.index.JvmDependenciesDynamicCompoundIndex::findClass (83 bytes)
C2 CompilerThread1  17613 3064   !   4       org.jetbrains.kotlin.metadata.ProtoBuf$Type::<init> (875 bytes)
Total: 3

VM state: not at safepoint (normal execution)

VM Mutex/Monitor currently owned by a thread: None

Heap address: 0x000000008a800000, size: 1880 MB, Compressed Oops mode: 32-bit

CDS archive(s) not mapped
Compressed class space mapped at: 0x0000000100000000-0x0000000140000000, reserved size: 1073741824
Narrow klass base: 0x0000000000000000, Narrow klass shift: 3, Narrow klass range: 0x140000000

GC Precious Log:
 CardTable entry size: 512
 Card Set container configuration: InlinePtr #cards 5 size 8 Array Of Cards #cards 12 size 40 Howl #buckets 4 coarsen threshold 1843 Howl Bitmap #cards 512 size 80 coarsen threshold 460 Card regions per heap region 1 cards per card region 2048
 CPUs: 12 total, 12 available
 Memory: 7514M
 Large Page Support: Disabled
 NUMA Support: Disabled
 Compressed Oops: Enabled (32-bit)
 Heap Region Size: 1M
 Heap Min Capacity: 8M
 Heap Initial Capacity: 118M
 Heap Max Capacity: 1880M
 Pre-touch: Disabled
 Parallel Workers: 10
 Concurrent Workers: 3
 Concurrent Refinement Workers: 10
 Periodic GC: Disabled

Heap:
 garbage-first heap   total 55296K, used 45534K [0x000000008a800000, 0x0000000100000000)
  region size 1024K, 23 young (23552K), 2 survivors (2048K)
 Metaspace       used 51427K, committed 51712K, reserved 1114112K
  class space    used 6060K, committed 6208K, reserved 1048576K

Heap Regions: E=young(eden), S=young(survivor), O=old, HS=humongous(starts), HC=humongous(continues), CS=collection set, F=free, TAMS=top-at-mark-start, PB=parsable bottom
|   0|0x000000008a800000, 0x000000008a900000, 0x000000008a900000|100%|HS|  |TAMS 0x000000008a800000| PB 0x000000008a800000| Complete 
|   1|0x000000008a900000, 0x000000008aa00000, 0x000000008aa00000|100%|HC|  |TAMS 0x000000008a900000| PB 0x000000008a900000| Complete 
|   2|0x000000008aa00000, 0x000000008ab00000, 0x000000008ab00000|100%|HC|  |TAMS 0x000000008aa00000| PB 0x000000008aa00000| Complete 
|   3|0x000000008ab00000, 0x000000008ac00000, 0x000000008ac00000|100%| O|  |TAMS 0x000000008ab00000| PB 0x000000008ab00000| Untracked 
|   4|0x000000008ac00000, 0x000000008ad00000, 0x000000008ad00000|100%| O|  |TAMS 0x000000008ac00000| PB 0x000000008ac00000| Untracked 
|   5|0x000000008ad00000, 0x000000008adf1e00, 0x000000008ae00000| 94%| O|  |TAMS 0x000000008ad00000| PB 0x000000008ad00000| Untracked 
|   6|0x000000008ae00000, 0x000000008af00000, 0x000000008af00000|100%| O|  |TAMS 0x000000008ae00000| PB 0x000000008ae00000| Untracked 
|   7|0x000000008af00000, 0x000000008b000000, 0x000000008b000000|100%| O|  |TAMS 0x000000008af00000| PB 0x000000008af00000| Untracked 
|   8|0x000000008b000000, 0x000000008b100000, 0x000000008b100000|100%| O|  |TAMS 0x000000008b000000| PB 0x000000008b000000| Untracked 
|   9|0x000000008b100000, 0x000000008b200000, 0x000000008b200000|100%| O|  |TAMS 0x000000008b100000| PB 0x000000008b100000| Untracked 
|  10|0x000000008b200000, 0x000000008b300000, 0x000000008b300000|100%| O|  |TAMS 0x000000008b200000| PB 0x000000008b200000| Untracked 
|  11|0x000000008b300000, 0x000000008b400000, 0x000000008b400000|100%| O|  |TAMS 0x000000008b300000| PB 0x000000008b300000| Untracked 
|  12|0x000000008b400000, 0x000000008b500000, 0x000000008b500000|100%| O|  |TAMS 0x000000008b400000| PB 0x000000008b400000| Untracked 
|  13|0x000000008b500000, 0x000000008b600000, 0x000000008b600000|100%| O|  |TAMS 0x000000008b500000| PB 0x000000008b500000| Untracked 
|  14|0x000000008b600000, 0x000000008b700000, 0x000000008b700000|100%| O|  |TAMS 0x000000008b600000| PB 0x000000008b600000| Untracked 
|  15|0x000000008b700000, 0x000000008b800000, 0x000000008b800000|100%| O|  |TAMS 0x000000008b700000| PB 0x000000008b700000| Untracked 
|  16|0x000000008b800000, 0x000000008b900000, 0x000000008b900000|100%| O|  |TAMS 0x000000008b800000| PB 0x000000008b800000| Untracked 
|  17|0x000000008b900000, 0x000000008ba00000, 0x000000008ba00000|100%| O|  |TAMS 0x000000008b900000| PB 0x000000008b900000| Untracked 
|  18|0x000000008ba00000, 0x000000008bb00000, 0x000000008bb00000|100%| O|  |TAMS 0x000000008ba00000| PB 0x000000008ba00000| Untracked 
|  19|0x000000008bb00000, 0x000000008bc00000, 0x000000008bc00000|100%| O|  |TAMS 0x000000008bb00000| PB 0x000000008bb00000| Untracked 
|  20|0x000000008bc00000, 0x000000008bd00000, 0x000000008bd00000|100%| O|  |TAMS 0x000000008bc00000| PB 0x000000008bc00000| Untracked 
|  21|0x000000008bd00000, 0x000000008be00000, 0x000000008be00000|100%| O|  |TAMS 0x000000008bd00000| PB 0x000000008bd00000| Untracked 
|  22|0x000000008be00000, 0x000000008be00000, 0x000000008bf00000|  0%| F|  |TAMS 0x000000008be00000| PB 0x000000008be00000| Untracked 
|  23|0x000000008bf00000, 0x000000008bfcf8f0, 0x000000008c000000| 81%| O|  |TAMS 0x000000008bf00000| PB 0x000000008bf00000| Untracked 
|  24|0x000000008c000000, 0x000000008c000000, 0x000000008c100000|  0%| F|  |TAMS 0x000000008c000000| PB 0x000000008c000000| Untracked 
|  25|0x000000008c100000, 0x000000008c100000, 0x000000008c200000|  0%| F|  |TAMS 0x000000008c100000| PB 0x000000008c100000| Untracked 
|  26|0x000000008c200000, 0x000000008c200000, 0x000000008c300000|  0%| F|  |TAMS 0x000000008c200000| PB 0x000000008c200000| Untracked 
|  27|0x000000008c300000, 0x000000008c3b63a0, 0x000000008c400000| 71%| S|CS|TAMS 0x000000008c300000| PB 0x000000008c300000| Complete 
|  28|0x000000008c400000, 0x000000008c500000, 0x000000008c500000|100%| S|CS|TAMS 0x000000008c400000| PB 0x000000008c400000| Complete 
|  29|0x000000008c500000, 0x000000008c500000, 0x000000008c600000|  0%| F|  |TAMS 0x000000008c500000| PB 0x000000008c500000| Untracked 
|  30|0x000000008c600000, 0x000000008c600000, 0x000000008c700000|  0%| F|  |TAMS 0x000000008c600000| PB 0x000000008c600000| Untracked 
|  31|0x000000008c700000, 0x000000008c700000, 0x000000008c800000|  0%| F|  |TAMS 0x000000008c700000| PB 0x000000008c700000| Untracked 
|  32|0x000000008c800000, 0x000000008c800000, 0x000000008c900000|  0%| F|  |TAMS 0x000000008c800000| PB 0x000000008c800000| Untracked 
|  33|0x000000008c900000, 0x000000008c9591b8, 0x000000008ca00000| 34%| E|  |TAMS 0x000000008c900000| PB 0x000000008c900000| Complete 
|  34|0x000000008ca00000, 0x000000008cb00000, 0x000000008cb00000|100%| E|CS|TAMS 0x000000008ca00000| PB 0x000000008ca00000| Complete 
|  35|0x000000008cb00000, 0x000000008cc00000, 0x000000008cc00000|100%| E|CS|TAMS 0x000000008cb00000| PB 0x000000008cb00000| Complete 
|  36|0x000000008cc00000, 0x000000008cd00000, 0x000000008cd00000|100%| E|CS|TAMS 0x000000008cc00000| PB 0x000000008cc00000| Complete 
|  37|0x000000008cd00000, 0x000000008ce00000, 0x000000008ce00000|100%| E|CS|TAMS 0x000000008cd00000| PB 0x000000008cd00000| Complete 
|  38|0x000000008ce00000, 0x000000008cf00000, 0x000000008cf00000|100%| E|CS|TAMS 0x000000008ce00000| PB 0x000000008ce00000| Complete 
|  39|0x000000008cf00000, 0x000000008d000000, 0x000000008d000000|100%| E|CS|TAMS 0x000000008cf00000| PB 0x000000008cf00000| Complete 
|  40|0x000000008d000000, 0x000000008d100000, 0x000000008d100000|100%| E|CS|TAMS 0x000000008d000000| PB 0x000000008d000000| Complete 
|  41|0x000000008d100000, 0x000000008d200000, 0x000000008d200000|100%| E|CS|TAMS 0x000000008d100000| PB 0x000000008d100000| Complete 
|  42|0x000000008d200000, 0x000000008d300000, 0x000000008d300000|100%| E|CS|TAMS 0x000000008d200000| PB 0x000000008d200000| Complete 
|  43|0x000000008d300000, 0x000000008d400000, 0x000000008d400000|100%| E|CS|TAMS 0x000000008d300000| PB 0x000000008d300000| Complete 
|  44|0x000000008d400000, 0x000000008d500000, 0x000000008d500000|100%| E|CS|TAMS 0x000000008d400000| PB 0x000000008d400000| Complete 
|  45|0x000000008d500000, 0x000000008d600000, 0x000000008d600000|100%| E|CS|TAMS 0x000000008d500000| PB 0x000000008d500000| Complete 
|  46|0x000000008d600000, 0x000000008d700000, 0x000000008d700000|100%| E|CS|TAMS 0x000000008d600000| PB 0x000000008d600000| Complete 
|  47|0x000000008d700000, 0x000000008d800000, 0x000000008d800000|100%| E|CS|TAMS 0x000000008d700000| PB 0x000000008d700000| Complete 
|  48|0x000000008d800000, 0x000000008d900000, 0x000000008d900000|100%| E|CS|TAMS 0x000000008d800000| PB 0x000000008d800000| Complete 
|  49|0x000000008d900000, 0x000000008da00000, 0x000000008da00000|100%| E|CS|TAMS 0x000000008d900000| PB 0x000000008d900000| Complete 
|  91|0x0000000090300000, 0x0000000090400000, 0x0000000090400000|100%| E|CS|TAMS 0x0000000090300000| PB 0x0000000090300000| Complete 
|  95|0x0000000090700000, 0x0000000090800000, 0x0000000090800000|100%| E|CS|TAMS 0x0000000090700000| PB 0x0000000090700000| Complete 
| 117|0x0000000091d00000, 0x0000000091e00000, 0x0000000091e00000|100%| E|CS|TAMS 0x0000000091d00000| PB 0x0000000091d00000| Complete 
|1879|0x00000000fff00000, 0x0000000100000000, 0x0000000100000000|100%| E|CS|TAMS 0x00000000fff00000| PB 0x00000000fff00000| Complete 

Card table byte_map: [0x000002085fc80000,0x0000020860030000] _byte_map_base: 0x000002085f82c000

Marking Bits: (CMBitMap*) 0x000002084d27db00
 Bits: [0x0000020860030000, 0x0000020861d90000)

Polling page: 0x000002084afb0000

Metaspace:

Usage:
  Non-class:     44.31 MB used.
      Class:      5.92 MB used.
       Both:     50.23 MB used.

Virtual space:
  Non-class space:       64.00 MB reserved,      44.44 MB ( 69%) committed,  1 nodes.
      Class space:        1.00 GB reserved,       6.06 MB ( <1%) committed,  1 nodes.
             Both:        1.06 GB reserved,      50.50 MB (  5%) committed. 

Chunk freelists:
   Non-Class:  3.14 MB
       Class:  9.95 MB
        Both:  13.09 MB

MaxMetaspaceSize: unlimited
CompressedClassSpaceSize: 1.00 GB
Initial GC threshold: 21.00 MB
Current GC threshold: 53.06 MB
CDS: off
 - commit_granule_bytes: 65536.
 - commit_granule_words: 8192.
 - virtual_space_node_default_size: 8388608.
 - enlarge_chunks_in_place: 1.
 - use_allocation_guard: 0.


Internal statistics:

num_allocs_failed_limit: 3.
num_arena_births: 210.
num_arena_deaths: 0.
num_vsnodes_births: 2.
num_vsnodes_deaths: 0.
num_space_committed: 808.
num_space_uncommitted: 0.
num_chunks_returned_to_freelist: 3.
num_chunks_taken_from_freelist: 1678.
num_chunk_merges: 3.
num_chunk_splits: 1425.
num_chunks_enlarged: 1308.
num_inconsistent_stats: 0.

CodeHeap 'non-profiled nmethods': size=120000Kb used=1520Kb max_used=1520Kb free=118479Kb
 bounds [0x0000020857e50000, 0x00000208580c0000, 0x000002085f380000]
CodeHeap 'profiled nmethods': size=120000Kb used=6181Kb max_used=6181Kb free=113819Kb
 bounds [0x0000020850380000, 0x0000020850990000, 0x00000208578b0000]
CodeHeap 'non-nmethods': size=5760Kb used=1575Kb max_used=1627Kb free=4184Kb
 bounds [0x00000208578b0000, 0x0000020857b20000, 0x0000020857e50000]
CodeCache: size=245760Kb, used=9276Kb, max_used=9328Kb, free=236482Kb
 total_blobs=3733, nmethods=3088, adapters=549, full_count=0
Compilation: enabled, stopped_count=0, restarted_count=0

Compilation events (20 events):
Event: 16.536 Thread 0x0000020864c04060 nmethod 3176 0x0000020857fca090 code [0x0000020857fca220, 0x0000020857fca2e8]
Event: 16.536 Thread 0x0000020864c04060 3177       3       java.text.StringCharacterIterator::next (46 bytes)
Event: 16.537 Thread 0x0000020864c04060 nmethod 3177 0x0000020850970710 code [0x0000020850970920, 0x0000020850970f18]
Event: 16.537 Thread 0x0000020864c04060 3178       3       org.jetbrains.org.objectweb.asm.Type::getArgumentTypes (154 bytes)
Event: 16.540 Thread 0x0000020864c04060 nmethod 3178 0x0000020850971210 code [0x0000020850971660, 0x0000020850973a80]
Event: 16.540 Thread 0x0000020864c04060 3179       3       java.lang.Integer::hashCode (8 bytes)
Event: 16.541 Thread 0x0000020864c04060 nmethod 3179 0x0000020850974910 code [0x0000020850974ac0, 0x0000020850974c28]
Event: 16.541 Thread 0x0000020864c04060 3180       3       java.lang.Integer::hashCode (2 bytes)
Event: 16.541 Thread 0x0000020864c04060 nmethod 3180 0x0000020850974d10 code [0x0000020850974ea0, 0x0000020850974f90]
Event: 16.548 Thread 0x0000020864c04060 3181       3       org.jetbrains.kotlin.fir.symbols.impl.FirVariableSymbol::<init> (6 bytes)
Event: 16.549 Thread 0x0000020864c04060 nmethod 3181 0x0000020850975010 code [0x00000208509751c0, 0x00000208509754a0]
Event: 16.549 Thread 0x0000020864c04060 3182       3       org.jetbrains.kotlin.fir.symbols.impl.FirVariableSymbol::<init> (10 bytes)
Event: 16.549 Thread 0x0000020864c04060 nmethod 3182 0x0000020850975610 code [0x00000208509757c0, 0x0000020850975a40]
Event: 16.549 Thread 0x0000020864c04060 3183       3       org.jetbrains.kotlin.fir.declarations.FirVariable::<init> (5 bytes)
Event: 16.550 Thread 0x0000020864c04060 nmethod 3183 0x0000020850975b90 code [0x0000020850975d80, 0x0000020850976238]
Event: 16.550 Thread 0x0000020864c04060 3184       3       org.jetbrains.kotlin.fir.declarations.FirVariable::<init> (6 bytes)
Event: 16.550 Thread 0x0000020864c04060 nmethod 3184 0x0000020850976490 code [0x0000020850976680, 0x0000020850976ae0]
Event: 16.550 Thread 0x0000020864c04060 3185       3       org.jetbrains.kotlin.fir.symbols.impl.FirValueParameterSymbol::<init> (20 bytes)
Event: 16.551 Thread 0x0000020864c04060 nmethod 3185 0x0000020850976d10 code [0x0000020850976f60, 0x0000020850977808]
Event: 16.551 Thread 0x0000020864c04060 3186       3       org.jetbrains.kotlin.fir.declarations.FirValueParameter::<init> (6 bytes)

GC Heap History (20 events):
Event: 11.354 GC heap before
{Heap before GC invocations=1 (full 0):
 garbage-first heap   total 120832K, used 26597K [0x000000008a800000, 0x0000000100000000)
  region size 1024K, 25 young (25600K), 3 survivors (3072K)
 Metaspace       used 21265K, committed 21504K, reserved 1114112K
  class space    used 2236K, committed 2368K, reserved 1048576K
}
Event: 11.364 GC heap after
{Heap after GC invocations=2 (full 0):
 garbage-first heap   total 120832K, used 7531K [0x000000008a800000, 0x0000000100000000)
  region size 1024K, 2 young (2048K), 2 survivors (2048K)
 Metaspace       used 21265K, committed 21504K, reserved 1114112K
  class space    used 2236K, committed 2368K, reserved 1048576K
}
Event: 12.062 GC heap before
{Heap before GC invocations=3 (full 0):
 garbage-first heap   total 27648K, used 26987K [0x000000008a800000, 0x0000000100000000)
  region size 1024K, 21 young (21504K), 2 survivors (2048K)
 Metaspace       used 25454K, committed 25728K, reserved 1114112K
  class space    used 2761K, committed 2880K, reserved 1048576K
}
Event: 12.076 GC heap after
{Heap after GC invocations=4 (full 0):
 garbage-first heap   total 33792K, used 11497K [0x000000008a800000, 0x0000000100000000)
  region size 1024K, 6 young (6144K), 6 survivors (6144K)
 Metaspace       used 25454K, committed 25728K, reserved 1114112K
  class space    used 2761K, committed 2880K, reserved 1048576K
}
Event: 12.357 GC heap before
{Heap before GC invocations=4 (full 0):
 garbage-first heap   total 33792K, used 23785K [0x000000008a800000, 0x0000000100000000)
  region size 1024K, 18 young (18432K), 6 survivors (6144K)
 Metaspace       used 26292K, committed 26560K, reserved 1114112K
  class space    used 2890K, committed 3008K, reserved 1048576K
}
Event: 12.376 GC heap after
{Heap after GC invocations=5 (full 0):
 garbage-first heap   total 34816K, used 16327K [0x000000008a800000, 0x0000000100000000)
  region size 1024K, 3 young (3072K), 3 survivors (3072K)
 Metaspace       used 26292K, committed 26560K, reserved 1114112K
  class space    used 2890K, committed 3008K, reserved 1048576K
}
Event: 12.782 GC heap before
{Heap before GC invocations=5 (full 0):
 garbage-first heap   total 34816K, used 25543K [0x000000008a800000, 0x0000000100000000)
  region size 1024K, 12 young (12288K), 3 survivors (3072K)
 Metaspace       used 28872K, committed 29120K, reserved 1114112K
  class space    used 3160K, committed 3264K, reserved 1048576K
}
Event: 12.790 GC heap after
{Heap after GC invocations=6 (full 0):
 garbage-first heap   total 34816K, used 17839K [0x000000008a800000, 0x0000000100000000)
  region size 1024K, 1 young (1024K), 1 survivors (1024K)
 Metaspace       used 28872K, committed 29120K, reserved 1114112K
  class space    used 3160K, committed 3264K, reserved 1048576K
}
Event: 13.159 GC heap before
{Heap before GC invocations=6 (full 0):
 garbage-first heap   total 34816K, used 27055K [0x000000008a800000, 0x0000000100000000)
  region size 1024K, 10 young (10240K), 1 survivors (1024K)
 Metaspace       used 32222K, committed 32448K, reserved 1114112K
  class space    used 3909K, committed 4032K, reserved 1048576K
}
Event: 13.165 GC heap after
{Heap after GC invocations=7 (full 0):
 garbage-first heap   total 34816K, used 18144K [0x000000008a800000, 0x0000000100000000)
  region size 1024K, 2 young (2048K), 2 survivors (2048K)
 Metaspace       used 32222K, committed 32448K, reserved 1114112K
  class space    used 3909K, committed 4032K, reserved 1048576K
}
Event: 13.530 GC heap before
{Heap before GC invocations=8 (full 0):
 garbage-first heap   total 34816K, used 26336K [0x000000008a800000, 0x0000000100000000)
  region size 1024K, 11 young (11264K), 2 survivors (2048K)
 Metaspace       used 34238K, committed 34432K, reserved 1114112K
  class space    used 4257K, committed 4352K, reserved 1048576K
}
Event: 13.537 GC heap after
{Heap after GC invocations=9 (full 0):
 garbage-first heap   total 46080K, used 19555K [0x000000008a800000, 0x0000000100000000)
  region size 1024K, 2 young (2048K), 2 survivors (2048K)
 Metaspace       used 34238K, committed 34432K, reserved 1114112K
  class space    used 4257K, committed 4352K, reserved 1048576K
}
Event: 13.988 GC heap before
{Heap before GC invocations=9 (full 0):
 garbage-first heap   total 46080K, used 35939K [0x000000008a800000, 0x0000000100000000)
  region size 1024K, 19 young (19456K), 2 survivors (2048K)
 Metaspace       used 38022K, committed 38272K, reserved 1114112K
  class space    used 4662K, committed 4800K, reserved 1048576K
}
Event: 13.998 GC heap after
{Heap after GC invocations=10 (full 0):
 garbage-first heap   total 46080K, used 19867K [0x000000008a800000, 0x0000000100000000)
  region size 1024K, 2 young (2048K), 2 survivors (2048K)
 Metaspace       used 38022K, committed 38272K, reserved 1114112K
  class space    used 4662K, committed 4800K, reserved 1048576K
}
Event: 14.802 GC heap before
{Heap before GC invocations=10 (full 0):
 garbage-first heap   total 46080K, used 37275K [0x000000008a800000, 0x0000000100000000)
  region size 1024K, 20 young (20480K), 2 survivors (2048K)
 Metaspace       used 43461K, committed 43712K, reserved 1114112K
  class space    used 5205K, committed 5312K, reserved 1048576K
}
Event: 14.811 GC heap after
{Heap after GC invocations=11 (full 0):
 garbage-first heap   total 46080K, used 20646K [0x000000008a800000, 0x0000000100000000)
  region size 1024K, 2 young (2048K), 2 survivors (2048K)
 Metaspace       used 43461K, committed 43712K, reserved 1114112K
  class space    used 5205K, committed 5312K, reserved 1048576K
}
Event: 15.489 GC heap before
{Heap before GC invocations=11 (full 0):
 garbage-first heap   total 46080K, used 39078K [0x000000008a800000, 0x0000000100000000)
  region size 1024K, 20 young (20480K), 2 survivors (2048K)
 Metaspace       used 46417K, committed 46656K, reserved 1114112K
  class space    used 5559K, committed 5632K, reserved 1048576K
}
Event: 15.500 GC heap after
{Heap after GC invocations=12 (full 0):
 garbage-first heap   total 46080K, used 23149K [0x000000008a800000, 0x0000000100000000)
  region size 1024K, 3 young (3072K), 3 survivors (3072K)
 Metaspace       used 46417K, committed 46656K, reserved 1114112K
  class space    used 5559K, committed 5632K, reserved 1048576K
}
Event: 16.065 GC heap before
{Heap before GC invocations=12 (full 0):
 garbage-first heap   total 46080K, used 39533K [0x000000008a800000, 0x0000000100000000)
  region size 1024K, 19 young (19456K), 3 survivors (3072K)
 Metaspace       used 49883K, committed 50048K, reserved 1114112K
  class space    used 5888K, committed 5952K, reserved 1048576K
}
Event: 16.076 GC heap after
{Heap after GC invocations=13 (full 0):
 garbage-first heap   total 55296K, used 25054K [0x000000008a800000, 0x0000000100000000)
  region size 1024K, 2 young (2048K), 2 survivors (2048K)
 Metaspace       used 49883K, committed 50048K, reserved 1114112K
  class space    used 5888K, committed 5952K, reserved 1048576K
}

Dll operation events (3 events):
Event: 0.032 Loaded shared library C:\Program Files\Android\Android Studio\jbr\bin\java.dll
Event: 0.108 Loaded shared library C:\Program Files\Android\Android Studio\jbr\bin\zip.dll
Event: 11.776 Loaded shared library C:\Program Files\Android\Android Studio\jbr\bin\verify.dll

Deoptimization events (20 events):
Event: 15.795 Thread 0x000002084ace5570 Uncommon trap: trap_request=0xffffff45 fr.pc=0x0000020857effe5c relative=0x000000000000021c
Event: 15.795 Thread 0x000002084ace5570 Uncommon trap: reason=unstable_if action=reinterpret pc=0x0000020857effe5c method=java.lang.String.startsWith(Ljava/lang/String;I)Z @ 50 c2
Event: 15.795 Thread 0x000002084ace5570 DEOPT PACKING pc=0x0000020857effe5c sp=0x000000bd2a3f4d70
Event: 15.795 Thread 0x000002084ace5570 DEOPT UNPACKING pc=0x00000208579046a2 sp=0x000000bd2a3f4cf8 mode 2
Event: 15.795 Thread 0x000002084ace5570 Uncommon trap: trap_request=0xffffff45 fr.pc=0x0000020857f27ae8 relative=0x0000000000000768
Event: 15.795 Thread 0x000002084ace5570 Uncommon trap: reason=unstable_if action=reinterpret pc=0x0000020857f27ae8 method=java.lang.String.lastIndexOf(II)I @ 4 c2
Event: 15.795 Thread 0x000002084ace5570 DEOPT PACKING pc=0x0000020857f27ae8 sp=0x000000bd2a3f4dd0
Event: 15.795 Thread 0x000002084ace5570 DEOPT UNPACKING pc=0x00000208579046a2 sp=0x000000bd2a3f4cd0 mode 2
Event: 15.817 Thread 0x000002084ace5570 DEOPT PACKING pc=0x000002085080e214 sp=0x000000bd2a3faf20
Event: 15.817 Thread 0x000002084ace5570 DEOPT UNPACKING pc=0x0000020857904e42 sp=0x000000bd2a3fa560 mode 0
Event: 15.911 Thread 0x000002084ace5570 Uncommon trap: trap_request=0xffffffcc fr.pc=0x0000020857f83f6c relative=0x000000000000032c
Event: 15.911 Thread 0x000002084ace5570 Uncommon trap: reason=intrinsic_or_type_checked_inlining action=make_not_entrant pc=0x0000020857f83f6c method=java.util.Arrays.copyOf([Ljava/lang/Object;ILjava/lang/Class;)[Ljava/lang/Object; @ 35 c2
Event: 15.911 Thread 0x000002084ace5570 DEOPT PACKING pc=0x0000020857f83f6c sp=0x000000bd2a3fb180
Event: 15.911 Thread 0x000002084ace5570 DEOPT UNPACKING pc=0x00000208579046a2 sp=0x000000bd2a3fb110 mode 2
Event: 16.224 Thread 0x000002084ace5570 Uncommon trap: trap_request=0xffffff45 fr.pc=0x0000020857f6a860 relative=0x0000000000000840
Event: 16.225 Thread 0x000002084ace5570 Uncommon trap: reason=unstable_if action=reinterpret pc=0x0000020857f6a860 method=java.util.HashMap.putVal(ILjava/lang/Object;Ljava/lang/Object;ZZ)Ljava/lang/Object; @ 193 c2
Event: 16.225 Thread 0x000002084ace5570 DEOPT PACKING pc=0x0000020857f6a860 sp=0x000000bd2a3fd9b0
Event: 16.225 Thread 0x000002084ace5570 DEOPT UNPACKING pc=0x00000208579046a2 sp=0x000000bd2a3fd8e8 mode 2
Event: 16.535 Thread 0x000002084ace5570 DEOPT PACKING pc=0x0000020850906b44 sp=0x000000bd2a3f9200
Event: 16.535 Thread 0x000002084ace5570 DEOPT UNPACKING pc=0x0000020857904e42 sp=0x000000bd2a3f8730 mode 0

Classes loaded (20 events):
Event: 15.142 Loading class java/security/AccessControlException
Event: 15.142 Loading class java/security/AccessControlException done
Event: 15.158 Loading class java/lang/annotation/ElementType
Event: 15.158 Loading class java/lang/annotation/ElementType done
Event: 15.158 Loading class java/lang/Deprecated
Event: 15.158 Loading class java/lang/Deprecated done
Event: 15.158 Loading class java/lang/Override
Event: 15.158 Loading class java/lang/Override done
Event: 15.811 Loading class java/text/StringCharacterIterator
Event: 15.811 Loading class java/text/CharacterIterator
Event: 15.812 Loading class java/text/CharacterIterator done
Event: 15.812 Loading class java/text/StringCharacterIterator done
Event: 16.105 Loading class java/util/AbstractList$RandomAccessSubList
Event: 16.105 Loading class java/util/AbstractList$SubList
Event: 16.106 Loading class java/util/AbstractList$SubList done
Event: 16.106 Loading class java/util/AbstractList$RandomAccessSubList done
Event: 16.106 Loading class java/util/AbstractList$SubList$1
Event: 16.106 Loading class java/util/AbstractList$SubList$1 done
Event: 16.106 Loading class java/util/AbstractList$ListItr
Event: 16.106 Loading class java/util/AbstractList$ListItr done

Classes unloaded (0 events):
No events

Classes redefined (0 events):
No events

Internal exceptions (20 events):
Event: 8.101 Thread 0x000002084ace5570 Exception <a 'java/lang/NoSuchMethodError'{0x0000000090ee5120}: 'int java.lang.invoke.DirectMethodHandle$Holder.invokeSpecial(java.lang.Object, java.lang.Object, java.lang.Object, java.lang.Object)'> (0x0000000090ee5120) 
thrown [s\src\hotspot\share\interpreter\linkResolver.cpp, line 784]
Event: 8.104 Thread 0x000002084ace5570 Exception <a 'java/lang/NoSuchMethodError'{0x0000000090ef3ce0}: 'void java.lang.invoke.DelegatingMethodHandle$Holder.reinvoke_L(java.lang.Object, java.lang.Object, java.lang.Object, long, java.lang.Object, long, long)'> (0x0000000090ef3ce0) 
thrown [s\src\hotspot\share\interpreter\linkResolver.cpp, line 784]
Event: 8.106 Thread 0x000002084ace5570 Exception <a 'java/lang/NoSuchMethodError'{0x0000000090efaae0}: 'long java.lang.invoke.Invokers$Holder.invokeExact_MT(java.lang.Object, java.lang.Object, java.lang.Object)'> (0x0000000090efaae0) 
thrown [s\src\hotspot\share\interpreter\linkResolver.cpp, line 784]
Event: 8.107 Thread 0x000002084ace5570 Exception <a 'java/lang/NoSuchMethodError'{0x0000000090efea18}: 'int java.lang.invoke.Invokers$Holder.invokeExact_MT(java.lang.Object, java.lang.Object, java.lang.Object)'> (0x0000000090efea18) 
thrown [s\src\hotspot\share\interpreter\linkResolver.cpp, line 784]
Event: 11.212 Thread 0x000002084ace5570 Exception <a 'java/lang/NoSuchMethodError'{0x0000000090cc21e8}: 'int java.lang.invoke.DirectMethodHandle$Holder.invokeStatic(java.lang.Object)'> (0x0000000090cc21e8) 
thrown [s\src\hotspot\share\interpreter\linkResolver.cpp, line 784]
Event: 11.213 Thread 0x000002084ace5570 Exception <a 'java/lang/NoSuchMethodError'{0x0000000090cc5630}: 'int java.lang.invoke.DirectMethodHandle$Holder.invokeStaticInit(java.lang.Object)'> (0x0000000090cc5630) 
thrown [s\src\hotspot\share\interpreter\linkResolver.cpp, line 784]
Event: 11.416 Thread 0x000002084ace5570 Exception <a 'java/lang/NoSuchMethodError'{0x000000008bfcf6b8}: 'void java.lang.invoke.DirectMethodHandle$Holder.invokeStatic(java.lang.Object, java.lang.Object, java.lang.Object, java.lang.Object)'> (0x000000008bfcf6b8) 
thrown [s\src\hotspot\share\interpreter\linkResolver.cpp, line 784]
Event: 11.719 Thread 0x000002084ace5570 Exception <a 'java/lang/NoSuchMethodError'{0x000000008b77d1c8}: 'void java.lang.invoke.Invokers$Holder.invokeExact_MT(java.lang.Object, int, java.lang.Object)'> (0x000000008b77d1c8) 
thrown [s\src\hotspot\share\interpreter\linkResolver.cpp, line 784]
Event: 11.870 Thread 0x000002084ace5570 Exception <a 'java/lang/NoSuchMethodError'{0x000000008b4794f8}: 'long java.lang.invoke.DirectMethodHandle$Holder.invokeStatic(java.lang.Object, java.lang.Object, int)'> (0x000000008b4794f8) 
thrown [s\src\hotspot\share\interpreter\linkResolver.cpp, line 784]
Event: 11.871 Thread 0x000002084ace5570 Exception <a 'java/lang/NoSuchMethodError'{0x000000008b484728}: 'java.lang.Object java.lang.invoke.DelegatingMethodHandle$Holder.reinvoke_L(java.lang.Object, int, long, java.lang.Object, java.lang.Object, int, java.lang.Object)'> (0x000000008b484728) 
thrown [s\src\hotspot\share\interpreter\linkResolver.cpp, line 784]
Event: 12.318 Thread 0x000002084ace5570 Exception <a 'java/lang/NoSuchMethodError'{0x000000008b73c3e8}: 'java.lang.Object java.lang.invoke.DirectMethodHandle$Holder.invokeStatic(java.lang.Object, java.lang.Object, int, java.lang.Object)'> (0x000000008b73c3e8) 
thrown [s\src\hotspot\share\interpreter\linkResolver.cpp, line 784]
Event: 12.688 Thread 0x000002084ace5570 Exception <a 'java/lang/NoSuchMethodError'{0x000000008c2eec18}: 'java.lang.Object java.lang.invoke.DirectMethodHandle$Holder.newInvokeSpecial(java.lang.Object, java.lang.Object, java.lang.Object, java.lang.Object, java.lang.Object, java.lang.Object)'> (0x000000008c2eec18) 
thrown [s\src\hotspot\share\interpreter\linkResolver.cpp, line 784]
Event: 13.621 Thread 0x000002084ace5570 Exception <a 'java/lang/NoSuchMethodError'{0x0000000090373958}: 'java.lang.Object java.lang.invoke.DirectMethodHandle$Holder.newInvokeSpecial(java.lang.Object, java.lang.Object, java.lang.Object, java.lang.Object, java.lang.Object, java.lang.Object, java.lang.Object)'> (0x0000000090373958) 
thrown [s\src\hotspot\share\interpreter\linkResolver.cpp, line 784]
Event: 14.053 Thread 0x000002084ace5570 Exception <a 'java/lang/NoSuchMethodError'{0x0000000091d27950}: 'java.lang.Object java.lang.invoke.DirectMethodHandle$Holder.invokeVirtual(java.lang.Object, java.lang.Object, java.lang.Object)'> (0x0000000091d27950) 
thrown [s\src\hotspot\share\interpreter\linkResolver.cpp, line 784]
Event: 14.330 Thread 0x000002084ace5570 Exception <a 'java/lang/NoSuchMethodError'{0x000000008cd4e040}: 'java.lang.Object java.lang.invoke.DirectMethodHandle$Holder.newInvokeSpecial(java.lang.Object, java.lang.Object, int)'> (0x000000008cd4e040) 
thrown [s\src\hotspot\share\interpreter\linkResolver.cpp, line 784]
Event: 15.356 Thread 0x000002084ace5570 Implicit null exception at 0x0000020857eecb3e to 0x0000020857eece04
Event: 16.205 Thread 0x000002084ace5570 Exception <a 'java/lang/NoSuchMethodError'{0x000000009031d338}: 'java.lang.Object java.lang.invoke.DirectMethodHandle$Holder.newInvokeSpecial(java.lang.Object, java.lang.Object, java.lang.Object, java.lang.Object, int)'> (0x000000009031d338) 
thrown [s\src\hotspot\share\interpreter\linkResolver.cpp, line 784]
Event: 16.205 Thread 0x000002084ace5570 Exception <a 'java/lang/NoSuchMethodError'{0x0000000090321780}: 'java.lang.Object java.lang.invoke.DirectMethodHandle$Holder.invokeSpecial(java.lang.Object, java.lang.Object, java.lang.Object, java.lang.Object, java.lang.Object, int)'> (0x0000000090321780) 
thrown [s\src\hotspot\share\interpreter\linkResolver.cpp, line 784]
Event: 16.206 Thread 0x000002084ace5570 Exception <a 'java/lang/NoSuchMethodError'{0x00000000903254c0}: 'java.lang.Object java.lang.invoke.Invokers$Holder.linkToTargetMethod(java.lang.Object, java.lang.Object, java.lang.Object, int, java.lang.Object)'> (0x00000000903254c0) 
thrown [s\src\hotspot\share\interpreter\linkResolver.cpp, line 784]
Event: 16.237 Thread 0x000002084ace5570 Exception <a 'java/lang/NoSuchMethodError'{0x000000009036f978}: 'java.lang.Object java.lang.invoke.DirectMethodHandle$Holder.newInvokeSpecial(java.lang.Object, java.lang.Object, java.lang.Object, java.lang.Object, int, java.lang.Object, java.lang.Object)'> (0x000000009036f978) 
thrown [s\src\hotspot\share\interpreter\linkResolver.cpp, line 784]

ZGC Phase Switch (0 events):
No events

VM Operations (20 events):
Event: 14.863 Executing VM operation: HandshakeAllThreads (Deoptimize) done
Event: 15.142 Executing VM operation: HandshakeAllThreads (Deoptimize)
Event: 15.143 Executing VM operation: HandshakeAllThreads (Deoptimize) done
Event: 15.487 Executing VM operation: HandshakeAllThreads (Deoptimize)
Event: 15.487 Executing VM operation: HandshakeAllThreads (Deoptimize) done
Event: 15.489 Executing VM operation: G1CollectForAllocation (G1 Evacuation Pause)
Event: 15.500 Executing VM operation: G1CollectForAllocation (G1 Evacuation Pause) done
Event: 15.504 Executing VM operation: HandshakeAllThreads (Deoptimize)
Event: 15.504 Executing VM operation: HandshakeAllThreads (Deoptimize) done
Event: 15.511 Executing VM operation: HandshakeAllThreads (Deoptimize)
Event: 15.511 Executing VM operation: HandshakeAllThreads (Deoptimize) done
Event: 15.816 Executing VM operation: HandshakeAllThreads (Deoptimize)
Event: 15.817 Executing VM operation: HandshakeAllThreads (Deoptimize) done
Event: 16.064 Executing VM operation: G1CollectForAllocation (G1 Evacuation Pause)
Event: 16.076 Executing VM operation: G1CollectForAllocation (G1 Evacuation Pause) done
Event: 16.107 Executing VM operation: HandshakeAllThreads (Deoptimize)
Event: 16.107 Executing VM operation: HandshakeAllThreads (Deoptimize) done
Event: 16.535 Executing VM operation: HandshakeAllThreads (Deoptimize)
Event: 16.535 Executing VM operation: HandshakeAllThreads (Deoptimize) done
Event: 17.541 Executing VM operation: Cleanup

Memory protections (0 events):
No events

Nmethod flushes (20 events):
Event: 13.185 Thread 0x0000020864a1b9e0 flushing  nmethod 0x00000208503afc90
Event: 13.185 Thread 0x0000020864a1b9e0 flushing  nmethod 0x00000208503b2210
Event: 13.185 Thread 0x0000020864a1b9e0 flushing  nmethod 0x00000208503bc590
Event: 13.185 Thread 0x0000020864a1b9e0 flushing  nmethod 0x00000208503bdc10
Event: 13.185 Thread 0x0000020864a1b9e0 flushing  nmethod 0x00000208503bf510
Event: 13.185 Thread 0x0000020864a1b9e0 flushing  nmethod 0x00000208503bfb10
Event: 13.185 Thread 0x0000020864a1b9e0 flushing  nmethod 0x00000208503c3210
Event: 13.185 Thread 0x0000020864a1b9e0 flushing  nmethod 0x00000208503d2790
Event: 13.185 Thread 0x0000020864a1b9e0 flushing  nmethod 0x00000208503d3210
Event: 13.185 Thread 0x0000020864a1b9e0 flushing  nmethod 0x00000208503efc90
Event: 13.185 Thread 0x0000020864a1b9e0 flushing  nmethod 0x00000208503f1090
Event: 13.185 Thread 0x0000020864a1b9e0 flushing  nmethod 0x00000208503f4610
Event: 13.185 Thread 0x0000020864a1b9e0 flushing  nmethod 0x00000208503f5f10
Event: 13.185 Thread 0x0000020864a1b9e0 flushing  nmethod 0x00000208503f6310
Event: 13.185 Thread 0x0000020864a1b9e0 flushing  nmethod 0x0000020850401c90
Event: 13.185 Thread 0x0000020864a1b9e0 flushing  nmethod 0x000002085040e590
Event: 13.185 Thread 0x0000020864a1b9e0 flushing  nmethod 0x000002085040f190
Event: 13.185 Thread 0x0000020864a1b9e0 flushing  nmethod 0x000002085040f690
Event: 13.185 Thread 0x0000020864a1b9e0 flushing  nmethod 0x000002085041b290
Event: 13.185 Thread 0x0000020864a1b9e0 flushing  nmethod 0x0000020850455310

Events (20 events):
Event: 0.211 Thread 0x000002084ace5570 Thread added: 0x0000020864bd0b40
Event: 0.211 Thread 0x000002084ace5570 Thread added: 0x0000020864bd2790
Event: 0.213 Thread 0x000002084ace5570 Thread added: 0x0000020864be7c00
Event: 0.213 Thread 0x000002084ace5570 Thread added: 0x0000020864be8660
Event: 0.213 Thread 0x000002084ace5570 Thread added: 0x0000020864be90c0
Event: 0.213 Thread 0x000002084ace5570 Thread added: 0x0000020864be9b20
Event: 0.213 Thread 0x000002084ace5570 Thread added: 0x0000020864bea8b0
Event: 0.214 Thread 0x000002084ace5570 Thread added: 0x0000020864c04060
Event: 0.310 Thread 0x000002084ace5570 Thread added: 0x0000020864dab670
Event: 0.333 Loaded shared library C:\Program Files\Android\Android Studio\jbr\bin\net.dll
Event: 0.337 Loaded shared library C:\Program Files\Android\Android Studio\jbr\bin\nio.dll
Event: 0.378 Thread 0x0000020864bea8b0 Thread added: 0x0000020864c04730
Event: 0.402 Loaded shared library C:\Program Files\Android\Android Studio\jbr\bin\zip.dll
Event: 0.481 Loaded shared library C:\Program Files\Android\Android Studio\jbr\bin\jimage.dll
Event: 1.331 Thread 0x0000020864c04730 Thread exited: 0x0000020864c04730
Event: 11.851 Thread 0x0000020864c04060 Thread added: 0x0000020864c04e00
Event: 12.483 Thread 0x0000020864c04e00 Thread exited: 0x0000020864c04e00
Event: 13.113 Thread 0x0000020864c04060 Thread added: 0x0000020864c032c0
Event: 13.651 Thread 0x0000020864c032c0 Thread exited: 0x0000020864c032c0
Event: 14.891 Thread 0x0000020864c04060 Thread added: 0x0000020864c05ba0


Dynamic libraries:
0x00007ff7e0410000 - 0x00007ff7e041a000 	C:\Program Files\Android\Android Studio\jbr\bin\java.exe
0x00007ff8dc1e0000 - 0x00007ff8dc447000 	C:\Windows\SYSTEM32\ntdll.dll
0x00007ff8da810000 - 0x00007ff8da8d9000 	C:\Windows\System32\KERNEL32.DLL
0x00007ff8d8c00000 - 0x00007ff8d8ff4000 	C:\Windows\System32\KERNELBASE.dll
0x00007ff8d9a80000 - 0x00007ff8d9bcb000 	C:\Windows\System32\ucrtbase.dll
0x00007ff8b5380000 - 0x00007ff8b5398000 	C:\Program Files\Android\Android Studio\jbr\bin\jli.dll
0x00007ff8b8670000 - 0x00007ff8b868b000 	C:\Program Files\Android\Android Studio\jbr\bin\VCRUNTIME140.dll
0x00007ff8da170000 - 0x00007ff8da335000 	C:\Windows\System32\USER32.dll
0x00007ff8d7cb0000 - 0x00007ff8d7f43000 	C:\Windows\WinSxS\amd64_microsoft.windows.common-controls_6595b64144ccf1df_6.0.26100.8115_none_3e075c82e3354f9c\COMCTL32.dll
0x00007ff8d9130000 - 0x00007ff8d9157000 	C:\Windows\System32\win32u.dll
0x00007ff8daa00000 - 0x00007ff8daa2b000 	C:\Windows\System32\GDI32.dll
0x00007ff8d9f80000 - 0x00007ff8da029000 	C:\Windows\System32\msvcrt.dll
0x00007ff8d9000000 - 0x00007ff8d912b000 	C:\Windows\System32\gdi32full.dll
0x00007ff8d9160000 - 0x00007ff8d9203000 	C:\Windows\System32\msvcp_win.dll
0x00007ff8dab70000 - 0x00007ff8daba2000 	C:\Windows\System32\IMM32.DLL
0x00007ff8c8940000 - 0x00007ff8c894c000 	C:\Program Files\Android\Android Studio\jbr\bin\vcruntime140_1.dll
0x00007ff8a5d60000 - 0x00007ff8a5ded000 	C:\Program Files\Android\Android Studio\jbr\bin\msvcp140.dll
0x00007fffe2cd0000 - 0x00007fffe3966000 	C:\Program Files\Android\Android Studio\jbr\bin\server\jvm.dll
0x00007ff8dbe70000 - 0x00007ff8dbf26000 	C:\Windows\System32\ADVAPI32.dll
0x00007ff8da030000 - 0x00007ff8da0d7000 	C:\Windows\System32\sechost.dll
0x00007ff8da8e0000 - 0x00007ff8da9f8000 	C:\Windows\System32\RPCRT4.dll
0x00007ff8dbff0000 - 0x00007ff8dc070000 	C:\Windows\System32\WS2_32.dll
0x00007ff8d8930000 - 0x00007ff8d898e000 	C:\Windows\SYSTEM32\POWRPROF.dll
0x00007ff8d15d0000 - 0x00007ff8d15db000 	C:\Windows\SYSTEM32\VERSION.dll
0x00007ff8d1590000 - 0x00007ff8d15c6000 	C:\Windows\SYSTEM32\WINMM.dll
0x00007ff8d8910000 - 0x00007ff8d8924000 	C:\Windows\SYSTEM32\UMPDC.dll
0x00007ff8d6f10000 - 0x00007ff8d6f2b000 	C:\Windows\SYSTEM32\kernel.appcore.dll
0x00007ff8bdd20000 - 0x00007ff8bdd2a000 	C:\Program Files\Android\Android Studio\jbr\bin\jimage.dll
0x00007ff8d8380000 - 0x00007ff8d85c2000 	C:\Windows\SYSTEM32\DBGHELP.DLL
0x00007ff8db450000 - 0x00007ff8db7d2000 	C:\Windows\System32\combase.dll
0x00007ff8daa90000 - 0x00007ff8dab68000 	C:\Windows\System32\OLEAUT32.dll
0x00007ff8d8150000 - 0x00007ff8d818b000 	C:\Windows\SYSTEM32\dbgcore.DLL
0x00007ff8d9d50000 - 0x00007ff8d9df5000 	C:\Windows\System32\bcryptPrimitives.dll
0x00007ff8b5320000 - 0x00007ff8b5340000 	C:\Program Files\Android\Android Studio\jbr\bin\java.dll
0x00007ff8b52b0000 - 0x00007ff8b52c8000 	C:\Program Files\Android\Android Studio\jbr\bin\zip.dll
0x00007ff8dac20000 - 0x00007ff8db387000 	C:\Windows\System32\SHELL32.dll
0x00007ff8d9e00000 - 0x00007ff8d9f6a000 	C:\Windows\System32\wintypes.dll
0x00007ff8d9210000 - 0x00007ff8d9a78000 	C:\Windows\System32\windows.storage.dll
0x00007ff8dc080000 - 0x00007ff8dc178000 	C:\Windows\System32\SHCORE.dll
0x00007ff8dabb0000 - 0x00007ff8dac16000 	C:\Windows\System32\shlwapi.dll
0x00007ff8d89d0000 - 0x00007ff8d89f9000 	C:\Windows\SYSTEM32\profapi.dll
0x00007ff8b6280000 - 0x00007ff8b6290000 	C:\Program Files\Android\Android Studio\jbr\bin\net.dll
0x00007ff8ceb40000 - 0x00007ff8cec6d000 	C:\Windows\SYSTEM32\WINHTTP.dll
0x00007ff8d7440000 - 0x00007ff8d74ac000 	C:\Windows\system32\mswsock.dll
0x00007ff8b5290000 - 0x00007ff8b52a6000 	C:\Program Files\Android\Android Studio\jbr\bin\nio.dll
0x00007ff8b60b0000 - 0x00007ff8b60c0000 	C:\Program Files\Android\Android Studio\jbr\bin\verify.dll

JVMTI agents: none

dbghelp: loaded successfully - version: 4.0.5 - missing functions: none
symbol engine: initialized successfully - sym options: 0x614 - pdb path: .;C:\Program Files\Android\Android Studio\jbr\bin;C:\Windows\SYSTEM32;C:\Windows\WinSxS\amd64_microsoft.windows.common-controls_6595b64144ccf1df_6.0.26100.8115_none_3e075c82e3354f9c;C:\Program Files\Android\Android Studio\jbr\bin\server

VM Arguments:
java_command: org.jetbrains.kotlin.cli.jvm.K2JVMCompiler @C:\Users\pagwa\ecoact\app\build\20260502_4245059577386784719.compiler.options
java_class_path (initial): C:\Users\pagwa\.gradle\caches\modules-2\files-2.1\org.jetbrains.kotlin\kotlin-compiler-embeddable\2.0.21\79346ed53db48b18312a472602eb5c057070c54d\kotlin-compiler-embeddable-2.0.21.jar;C:\Users\pagwa\.gradle\caches\modules-2\files-2.1\org.jetbrains.kotlin\kotlin-stdlib\2.0.21\618b539767b4899b4660a83006e052b63f1db551\kotlin-stdlib-2.0.21.jar;C:\Users\pagwa\.gradle\caches\modules-2\files-2.1\org.jetbrains.kotlin\kotlin-script-runtime\2.0.21\c9b044380ad41f89aa89aa896c2d32a8c0b2129d\kotlin-script-runtime-2.0.21.jar;C:\Users\pagwa\.gradle\caches\modules-2\files-2.1\org.jetbrains.kotlin\kotlin-reflect\1.6.10\1cbe9c92c12a94eea200d23c2bbaedaf3daf5132\kotlin-reflect-1.6.10.jar;C:\Users\pagwa\.gradle\caches\modules-2\files-2.1\org.jetbrains.kotlin\kotlin-daemon-embeddable\2.0.21\c9e933b23287de9b5a17e2116b4657bb91aea72c\kotlin-daemon-embeddable-2.0.21.jar;C:\Users\pagwa\.gradle\caches\modules-2\files-2.1\org.jetbrains.intellij.deps\trove4j\1.0.20200330\3afb14d5f9ceb459d724e907a21145e8ff394f02\trove4j-1.0.20200330.jar;C:\Users\pagwa\.gradle\caches\modules-2\files-2.1\org.jetbrains.kotlinx\kotlinx-coroutines-core-jvm\1.6.4\2c997cd1c0ef33f3e751d3831929aeff1390cb30\kotlinx-coroutines-core-jvm-1.6.4.jar;C:\Users\pagwa\.gradle\caches\modules-2\files-2.1\org.jetbrains\annotations\13.0\919f0dfe192fb4e063e7dacadee7f8bb9a2672a9\annotations-13.0.jar
Launcher Type: SUN_STANDARD

[Global flags]
     intx CICompilerCount                          = 4                                         {product} {ergonomic}
     uint ConcGCThreads                            = 3                                         {product} {ergonomic}
     uint G1ConcRefinementThreads                  = 10                                        {product} {ergonomic}
   size_t G1HeapRegionSize                         = 1048576                                   {product} {ergonomic}
    uintx GCDrainStackTargetSize                   = 64                                        {product} {ergonomic}
   size_t InitialHeapSize                          = 123731968                                 {product} {ergonomic}
   size_t MarkStackSize                            = 4194304                                   {product} {ergonomic}
   size_t MaxHeapSize                              = 1971322880                                {product} {ergonomic}
   size_t MaxNewSize                               = 1182793728                                {product} {ergonomic}
   size_t MinHeapDeltaBytes                        = 1048576                                   {product} {ergonomic}
   size_t MinHeapSize                              = 8388608                                   {product} {ergonomic}
    uintx NonNMethodCodeHeapSize                   = 5839372                                {pd product} {ergonomic}
    uintx NonProfiledCodeHeapSize                  = 122909434                              {pd product} {ergonomic}
    uintx ProfiledCodeHeapSize                     = 122909434                              {pd product} {ergonomic}
    uintx ReservedCodeCacheSize                    = 251658240                              {pd product} {ergonomic}
     bool SegmentedCodeCache                       = true                                      {product} {ergonomic}
   size_t SoftMaxHeapSize                          = 1971322880                             {manageable} {ergonomic}
     bool UseCompressedOops                        = true                           {product lp64_product} {ergonomic}
     bool UseG1GC                                  = true                                      {product} {ergonomic}
     bool UseLargePagesIndividualAllocation        = false                                  {pd product} {ergonomic}

Logging:
Log output configuration:
 #0: stdout all=warning uptime,level,tags foldmultilines=false
 #1: stderr all=off uptime,level,tags foldmultilines=false

Environment Variables:
JAVA_HOME=C:\Program Files\Android\Android Studio\jbr
PATH=C:\Program Files\Common Files\Oracle\Java\javapath;C:\Program Files\Python313\Scripts\;C:\Program Files\Python313\;C:\Windows\system32;C:\Windows;C:\Windows\System32\Wbem;C:\Windows\System32\WindowsPowerShell\v1.0\;C:\Windows\System32\OpenSSH\;C:\Program Files\Git\cmd;C:\apache-maven-3.9.14\bin;C:\MinGW\bin;C:\Users\pagwa\AppData\Local\Programs\Microsoft VS Code\bin;C:\Program Files\JetBrains\PyCharm 2025.1.1.1\bin;c:\MinGW\bin;C:\Users\pagwa\AppData\Local\JetBrains\Toolbox\scripts;C:\Users\pagwa\AppData\Local\GitHubDesktop\bin
USERNAME=pagwa
OS=Windows_NT
PROCESSOR_IDENTIFIER=AMD64 Family 23 Model 104 Stepping 1, AuthenticAMD
TMP=C:\Users\pagwa\AppData\Local\Temp
TEMP=C:\Users\pagwa\AppData\Local\Temp




Periodic native trim disabled

JNI global refs:
JNI global refs: 9, weak refs: 2

JNI global refs memory usage: 835, weak refs: 833

Process memory usage:
Resident Set Size: 223768K (2% of 7694920K total physical memory with 367592K free physical memory)

OOME stack traces (most recent first):
Classloader memory used:
Loader jdk.internal.loader.ClassLoaders$AppClassLoader                                 : 40622K
Loader bootstrap                                                                       : 10573K
Loader java.net.URLClassLoader                                                         : 261K

---------------  S Y S T E M  ---------------

OS:
 Windows 11 , 64 bit Build 26100 (10.0.26100.8246)
OS uptime: 3 days 3:48 hours
Hyper-V role detected

CPU: total 12 (initial active 12) (12 cores per cpu, 2 threads per core) family 23 model 104 stepping 1 microcode 0x8608108, cx8, cmov, fxsr, ht, mmx, 3dnowpref, sse, sse2, sse3, ssse3, sse4a, sse4.1, sse4.2, popcnt, lzcnt, tsc, tscinvbit, avx, avx2, aes, clmul, bmi1, bmi2, adx, sha, fma, vzeroupper, clflush, clflushopt, hv, rdtscp, rdpid, f16c
Processor Information for the first 12 processors :
  Max Mhz: 2100, Current Mhz: 1988, Mhz Limit: 2100

Memory: 4k page, system-wide physical 7514M (360M free)
TotalPageFile size 31066M (AvailPageFile size 7M)
current process WorkingSet (physical memory assigned to process): 218M, peak: 218M
current process commit charge ("private bytes"): 254M, peak: 256M

vm_info: OpenJDK 64-Bit Server VM (21.0.8+-14196175-b1038.72) for windows-amd64 JRE (21.0.8+-14196175-b1038.72), built on 2025-10-01T10:24:33Z by "builder" with MS VC++ 16.10 / 16.11 (VS2019)

END.
